// Vitest Snapshot v1, https://vitest.dev/guide/snapshot.html

exports[`nation gold per minute > world map, impossible nations, 20 minutes 1`] = `
{
  "aliveNations": 27,
  "perMinute": [
    {
      "cities": 0,
      "factories": 0,
      "minute": 1,
      "ports": 0,
      "shipsArrived": 0,
      "tradeGold": 0,
      "tradeShipsAtSea": 0,
      "trainGold": 0,
      "trainStops": 0,
      "trainsRunning": 0,
    },
    {
      "cities": 60,
      "factories": 0,
      "minute": 2,
      "ports": 0,
      "shipsArrived": 0,
      "tradeGold": 0,
      "tradeShipsAtSea": 0,
      "trainGold": 0,
      "trainStops": 0,
      "trainsRunning": 0,
    },
    {
      "cities": 61,
      "factories": 0,
      "minute": 3,
      "ports": 4,
      "shipsArrived": 0,
      "tradeGold": 0,
      "tradeShipsAtSea": 3,
      "trainGold": 0,
      "trainStops": 0,
      "trainsRunning": 0,
    },
    {
      "cities": 64,
      "factories": 0,
      "minute": 4,
      "ports": 6,
      "shipsArrived": 0,
      "tradeGold": 0,
      "tradeShipsAtSea": 32,
      "trainGold": 0,
      "trainStops": 0,
      "trainsRunning": 0,
    },
    {
      "cities": 97,
      "factories": 1,
      "minute": 5,
      "ports": 11,
      "shipsArrived": 7,
      "tradeGold": 1467000,
      "tradeShipsAtSea": 74,
      "trainGold": 107500,
      "trainStops": 5,
      "trainsRunning": 7,
    },
    {
      "cities": 105,
      "factories": 7,
      "minute": 6,
      "ports": 30,
      "shipsArrived": 28,
      "tradeGold": 6584000,
      "tradeShipsAtSea": 130,
      "trainGold": 948200,
      "trainStops": 19,
      "trainsRunning": 49,
    },
    {
      "cities": 119,
      "factories": 10,
      "minute": 7,
      "ports": 42,
      "shipsArrived": 76,
      "tradeGold": 16260000,
      "tradeShipsAtSea": 226,
      "trainGold": 4565000,
      "trainStops": 89,
      "trainsRunning": 56,
    },
    {
      "cities": 129,
      "factories": 15,
      "minute": 8,
      "ports": 58,
      "shipsArrived": 116,
      "tradeGold": 26760000,
      "tradeShipsAtSea": 317,
      "trainGold": 5347000,
      "trainStops": 123,
      "trainsRunning": 63,
    },
    {
      "cities": 145,
      "factories": 16,
      "minute": 9,
      "ports": 66,
      "shipsArrived": 162,
      "tradeGold": 40660000,
      "tradeShipsAtSea": 365,
      "trainGold": 8172000,
      "trainStops": 180,
      "trainsRunning": 77,
    },
    {
      "cities": 151,
      "factories": 21,
      "minute": 10,
      "ports": 77,
      "shipsArrived": 199,
      "tradeGold": 47530000,
      "tradeShipsAtSea": 404,
      "trainGold": 7478000,
      "trainStops": 188,
      "trainsRunning": 126,
    },
    {
      "cities": 159,
      "factories": 26,
      "minute": 11,
      "ports": 88,
      "shipsArrived": 206,
      "tradeGold": 50720000,
      "tradeShipsAtSea": 405,
      "trainGold": 9599000,
      "trainStops": 240,
      "trainsRunning": 140,
    },
    {
      "cities": 166,
      "factories": 29,
      "minute": 12,
      "ports": 96,
      "shipsArrived": 199,
      "tradeGold": 47110000,
      "tradeShipsAtSea": 411,
      "trainGold": 13520000,
      "trainStops": 365,
      "trainsRunning": 133,
    },
    {
      "cities": 173,
      "factories": 34,
      "minute": 13,
      "ports": 106,
      "shipsArrived": 183,
      "tradeGold": 45710000,
      "tradeShipsAtSea": 423,
      "trainGold": 5591000,
      "trainStops": 237,
      "trainsRunning": 119,
    },
    {
      "cities": 176,
      "factories": 37,
      "minute": 14,
      "ports": 110,
      "shipsArrived": 99,
      "tradeGold": 22520000,
      "tradeShipsAtSea": 331,
      "trainGold": 2708000,
      "trainStops": 255,
      "trainsRunning": 161,
    },
    {
      "cities": 178,
      "factories": 38,
      "minute": 15,
      "ports": 110,
      "shipsArrived": 99,
      "tradeGold": 27320000,
      "tradeShipsAtSea": 383,
      "trainGold": 2197000,
      "trainStops": 297,
      "trainsRunning": 105,
    },
    {
      "cities": 184,
      "factories": 38,
      "minute": 16,
      "ports": 113,
      "shipsArrived": 161,
      "tradeGold": 41160000,
      "tradeShipsAtSea": 409,
      "trainGold": 1542000,
      "trainStops": 263,
      "trainsRunning": 112,
    },
    {
      "cities": 185,
      "factories": 38,
      "minute": 17,
      "ports": 115,
      "shipsArrived": 180,
      "tradeGold": 50290000,
      "tradeShipsAtSea": 403,
      "trainGold": 1503000,
      "trainStops": 217,
      "trainsRunning": 126,
    },
    {
      "cities": 186,
      "factories": 38,
      "minute": 18,
      "ports": 116,
      "shipsArrived": 166,
      "tradeGold": 45640000,
      "tradeShipsAtSea": 436,
      "trainGold": 1422000,
      "trainStops": 220,
      "trainsRunning": 112,
    },
    {
      "cities": 187,
      "factories": 39,
      "minute": 19,
      "ports": 119,
      "shipsArrived": 204,
      "tradeGold": 56090000,
      "tradeShipsAtSea": 416,
      "trainGold": 2148000,
      "trainStops": 255,
      "trainsRunning": 105,
    },
    {
      "cities": 187,
      "factories": 42,
      "minute": 20,
      "ports": 120,
      "shipsArrived": 213,
      "tradeGold": 54580000,
      "tradeShipsAtSea": 522,
      "trainGold": 2263000,
      "trainStops": 225,
      "trainsRunning": 140,
    },
  ],
  "totals": {
    "shipsArrived": 2298,
    "tradeGold": 580400000,
    "trainGold": 69110000,
    "trainStops": 3178,
  },
}
`;
