// Vitest Snapshot v1, https://vitest.dev/guide/snapshot.html

exports[`trade ship golden values > tradeShipGold: distance sweep 1`] = `
{
  "dist=0": 9n,
  "dist=10": 500n,
  "dist=100": 5068n,
  "dist=1000": 122187n,
  "dist=150": 8136n,
  "dist=1500": 146625n,
  "dist=200": 13251n,
  "dist=2000": 171062n,
  "dist=250": 25592n,
  "dist=300": 51318n,
  "dist=350": 77044n,
  "dist=400": 89385n,
  "dist=50": 2484n,
  "dist=500": 97568n,
  "dist=5000": 317687n,
  "dist=750": 109968n,
}
`;

exports[`trade ship golden values > tradeShipGold: gold multipliers 1`] = `
{
  "hostCheat=5 creator dist=500": 487843n,
  "hostCheat=5 non-creator dist=500": 97568n,
  "mult=0.5 dist=100": 2534n,
  "mult=0.5 dist=2000": 85531n,
  "mult=0.5 dist=500": 48784n,
  "mult=10 dist=100": 50687n,
  "mult=10 dist=2000": 1710624n,
  "mult=10 dist=500": 975687n,
  "mult=2 dist=100": 10137n,
  "mult=2 dist=2000": 342125n,
  "mult=2 dist=500": 195137n,
}
`;

exports[`trade ship golden values > tradeShipSaturation: fleet-size sweep 1`] = `
{
  "ships=0": 1.435,
  "ships=100": 1.148,
  "ships=1000": 0.05001,
  "ships=150": 1.043,
  "ships=1500": 0.001938,
  "ships=200": 0.9314,
  "ships=25": 1.346,
  "ships=250": 0.7941,
  "ships=300": 0.6248,
  "ships=400": 0.2792,
  "ships=50": 1.27,
  "ships=500": 0.2238,
  "ships=700": 0.1669,
  "ships=800": 0.1251,
}
`;

exports[`trade ship golden values > tradeShipSpawnRate: rejections × active trade ships grid 1`] = `
{
  "rejections=0 ships=0": 69,
  "rejections=0 ships=10": 71,
  "rejections=0 ships=100": 87,
  "rejections=0 ships=1000": 1999,
  "rejections=0 ships=200": 107,
  "rejections=0 ships=300": 160,
  "rejections=0 ships=400": 358,
  "rejections=0 ships=50": 78,
  "rejections=0 ships=500": 446,
  "rejections=0 ships=700": 599,
  "rejections=1 ships=0": 34,
  "rejections=1 ships=10": 35,
  "rejections=1 ships=100": 43,
  "rejections=1 ships=1000": 999,
  "rejections=1 ships=200": 53,
  "rejections=1 ships=300": 80,
  "rejections=1 ships=400": 179,
  "rejections=1 ships=50": 39,
  "rejections=1 ships=500": 223,
  "rejections=1 ships=700": 299,
  "rejections=10 ships=0": 6,
  "rejections=10 ships=10": 6,
  "rejections=10 ships=100": 7,
  "rejections=10 ships=1000": 181,
  "rejections=10 ships=200": 9,
  "rejections=10 ships=300": 14,
  "rejections=10 ships=400": 32,
  "rejections=10 ships=50": 7,
  "rejections=10 ships=500": 40,
  "rejections=10 ships=700": 54,
  "rejections=2 ships=0": 23,
  "rejections=2 ships=10": 23,
  "rejections=2 ships=100": 29,
  "rejections=2 ships=1000": 666,
  "rejections=2 ships=200": 35,
  "rejections=2 ships=300": 53,
  "rejections=2 ships=400": 119,
  "rejections=2 ships=50": 26,
  "rejections=2 ships=500": 148,
  "rejections=2 ships=700": 199,
  "rejections=5 ships=0": 11,
  "rejections=5 ships=10": 11,
  "rejections=5 ships=100": 14,
  "rejections=5 ships=1000": 333,
  "rejections=5 ships=200": 17,
  "rejections=5 ships=300": 26,
  "rejections=5 ships=400": 59,
  "rejections=5 ships=50": 13,
  "rejections=5 ships=500": 74,
  "rejections=5 ships=700": 99,
  "rejections=50 ships=0": 1,
  "rejections=50 ships=10": 1,
  "rejections=50 ships=100": 1,
  "rejections=50 ships=1000": 39,
  "rejections=50 ships=200": 2,
  "rejections=50 ships=300": 3,
  "rejections=50 ships=400": 7,
  "rejections=50 ships=50": 1,
  "rejections=50 ships=500": 8,
  "rejections=50 ships=700": 11,
}
`;

exports[`train golden values > trainGold: gold multipliers 1`] = `
{
  "hostCheat=5 creator rel=self": 48874n,
  "hostCheat=5 non-creator rel=self": 9775n,
  "mult=0.5 rel=other": 12218n,
  "mult=0.5 rel=self": 4887n,
  "mult=10 rel=other": 244374n,
  "mult=10 rel=self": 97749n,
  "mult=2 rel=other": 48874n,
  "mult=2 rel=self": 19550n,
}
`;

exports[`train golden values > trainGold: relationship × trade stops grid 1`] = `
{
  "rel=ally stops=0": 34212n,
  "rel=ally stops=1": 34212n,
  "rel=ally stops=10": 29324n,
  "rel=ally stops=11": 24437n,
  "rel=ally stops=12": 19550n,
  "rel=ally stops=13": 14662n,
  "rel=ally stops=14": 9775n,
  "rel=ally stops=15": 4887n,
  "rel=ally stops=20": 4887n,
  "rel=ally stops=5": 34212n,
  "rel=ally stops=50": 4887n,
  "rel=ally stops=9": 34212n,
  "rel=other stops=0": 24437n,
  "rel=other stops=1": 24437n,
  "rel=other stops=10": 19550n,
  "rel=other stops=11": 14662n,
  "rel=other stops=12": 9775n,
  "rel=other stops=13": 4887n,
  "rel=other stops=14": 4887n,
  "rel=other stops=15": 4887n,
  "rel=other stops=20": 4887n,
  "rel=other stops=5": 24437n,
  "rel=other stops=50": 4887n,
  "rel=other stops=9": 24437n,
  "rel=self stops=0": 9775n,
  "rel=self stops=1": 9775n,
  "rel=self stops=10": 4887n,
  "rel=self stops=11": 4887n,
  "rel=self stops=12": 4887n,
  "rel=self stops=13": 4887n,
  "rel=self stops=14": 4887n,
  "rel=self stops=15": 4887n,
  "rel=self stops=20": 4887n,
  "rel=self stops=5": 9775n,
  "rel=self stops=50": 4887n,
  "rel=self stops=9": 9775n,
  "rel=team stops=0": 24437n,
  "rel=team stops=1": 24437n,
  "rel=team stops=10": 19550n,
  "rel=team stops=11": 14662n,
  "rel=team stops=12": 9775n,
  "rel=team stops=13": 4887n,
  "rel=team stops=14": 4887n,
  "rel=team stops=15": 4887n,
  "rel=team stops=20": 4887n,
  "rel=team stops=5": 24437n,
  "rel=team stops=50": 4887n,
  "rel=team stops=9": 24437n,
}
`;

exports[`train golden values > trainSaturation: global train sweep 1`] = `
{
  "trainUnits=0": 1.47,
  "trainUnits=1200": 0.05,
  "trainUnits=140": 0.9529,
  "trainUnits=1600": 0.00947,
  "trainUnits=250": 0.8957,
  "trainUnits=35": 1.126,
  "trainUnits=400": 0.7519,
  "trainUnits=600": 0.4311,
  "trainUnits=7": 1.366,
  "trainUnits=70": 1.015,
  "trainUnits=800": 0.1593,
  "trainUnits=900": 0.125,
}
`;

exports[`train golden values > trainSpawnRate: factory count × global trains grid 1`] = `
{
  "factories=0 trainUnits=0": 102,
  "factories=0 trainUnits=300": 174,
  "factories=0 trainUnits=35": 133,
  "factories=1 trainUnits=0": 112,
  "factories=1 trainUnits=300": 192,
  "factories=1 trainUnits=35": 146,
  "factories=10 trainUnits=0": 204,
  "factories=10 trainUnits=300": 349,
  "factories=10 trainUnits=35": 266,
  "factories=100 trainUnits=0": 1122,
  "factories=100 trainUnits=300": 1922,
  "factories=100 trainUnits=35": 1465,
  "factories=2 trainUnits=0": 122,
  "factories=2 trainUnits=300": 209,
  "factories=2 trainUnits=35": 159,
  "factories=20 trainUnits=0": 306,
  "factories=20 trainUnits=300": 524,
  "factories=20 trainUnits=35": 399,
  "factories=5 trainUnits=0": 153,
  "factories=5 trainUnits=300": 262,
  "factories=5 trainUnits=35": 199,
  "factories=50 trainUnits=0": 612,
  "factories=50 trainUnits=300": 1048,
  "factories=50 trainUnits=35": 799,
  "factories=500 trainUnits=0": 5205,
  "factories=500 trainUnits=300": 8911,
  "factories=500 trainUnits=35": 6793,
}
`;
